
> omniadly-frontend@0.1.0 build
> next build --turbopack

   Γû▓ Next.js 15.5.9 (Turbopack)
   - Environments: .env

   Creating an optimized production build ...
 Γ£ô Finished writing to disk in 145ms
 Γ£ô Compiled successfully in 11.6s
   Linting and checking validity of types ...
